2024-01-06 10:44:41,682 - [31m[1mWARNING: This is a development server. Do not use it in a production deployment. Use a production WSGI server instead.[0m
 * Running on http://127.0.0.1:5000
2024-01-06 10:44:41,682 - [33mPress CTRL+C to quit[0m
2024-01-06 10:45:09,525 - 127.0.0.1 - - [06/Jan/2024 10:45:09] "GET / HTTP/1.1" 200 -
2024-01-06 10:45:10,108 - 127.0.0.1 - - [06/Jan/2024 10:45:10] "[33mGET /favicon.ico HTTP/1.1[0m" 404 -
2024-01-06 10:45:35,583 - ExceÁ„o ocorrida
Traceback (most recent call last):
  File "C:\Users\Victor\Desktop\Nova pasta\abc\app.py", line 32, in get_xls
    raise FileNotFoundError("Nenhum arquivo enviado.")
FileNotFoundError: Nenhum arquivo enviado.
2024-01-06 10:45:35,584 - Exception on /xls [POST]
Traceback (most recent call last):
  File "C:\Users\Victor\Desktop\Nova pasta\abc\app.py", line 32, in get_xls
    raise FileNotFoundError("Nenhum arquivo enviado.")
FileNotFoundError: Nenhum arquivo enviado.

During handling of the above exception, another exception occurred:

Traceback (most recent call last):
  File "C:\Users\Victor\Desktop\Nova pasta\abc\venv\Lib\site-packages\flask\app.py", line 1455, in wsgi_app
    response = self.full_dispatch_request()
               ^^^^^^^^^^^^^^^^^^^^^^^^^^^^
  File "C:\Users\Victor\Desktop\Nova pasta\abc\venv\Lib\site-packages\flask\app.py", line 869, in full_dispatch_request
    rv = self.handle_user_exception(e)
         ^^^^^^^^^^^^^^^^^^^^^^^^^^^^^
  File "C:\Users\Victor\Desktop\Nova pasta\abc\venv\Lib\site-packages\flask\app.py", line 867, in full_dispatch_request
    rv = self.dispatch_request()
         ^^^^^^^^^^^^^^^^^^^^^^^
  File "C:\Users\Victor\Desktop\Nova pasta\abc\venv\Lib\site-packages\flask\app.py", line 852, in dispatch_request
    return self.ensure_sync(self.view_functions[rule.endpoint])(**view_args)
           ^^^^^^^^^^^^^^^^^^^^^^^^^^^^^^^^^^^^^^^^^^^^^^^^^^^^^^^^^^^^^^^^^
  File "C:\Users\Victor\Desktop\Nova pasta\abc\app.py", line 50, in get_xls
    return render_template('error.html', error=str(e))
           ^^^^^^^^^^^^^^^^^^^^^^^^^^^^^^^^^^^^^^^^^^^
  File "C:\Users\Victor\Desktop\Nova pasta\abc\venv\Lib\site-packages\flask\templating.py", line 151, in render_template
    template = app.jinja_env.get_or_select_template(template_name_or_list)
               ^^^^^^^^^^^^^^^^^^^^^^^^^^^^^^^^^^^^^^^^^^^^^^^^^^^^^^^^^^^
  File "C:\Users\Victor\Desktop\Nova pasta\abc\venv\Lib\site-packages\jinja2\environment.py", line 1081, in get_or_select_template
    return self.get_template(template_name_or_list, parent, globals)
           ^^^^^^^^^^^^^^^^^^^^^^^^^^^^^^^^^^^^^^^^^^^^^^^^^^^^^^^^^
  File "C:\Users\Victor\Desktop\Nova pasta\abc\venv\Lib\site-packages\jinja2\environment.py", line 1010, in get_template
    return self._load_template(name, globals)
           ^^^^^^^^^^^^^^^^^^^^^^^^^^^^^^^^^^
  File "C:\Users\Victor\Desktop\Nova pasta\abc\venv\Lib\site-packages\jinja2\environment.py", line 969, in _load_template
    template = self.loader.load(self, name, self.make_globals(globals))
               ^^^^^^^^^^^^^^^^^^^^^^^^^^^^^^^^^^^^^^^^^^^^^^^^^^^^^^^^
  File "C:\Users\Victor\Desktop\Nova pasta\abc\venv\Lib\site-packages\jinja2\loaders.py", line 126, in load
    source, filename, uptodate = self.get_source(environment, name)
                                 ^^^^^^^^^^^^^^^^^^^^^^^^^^^^^^^^^^
  File "C:\Users\Victor\Desktop\Nova pasta\abc\venv\Lib\site-packages\flask\templating.py", line 65, in get_source
    return self._get_source_fast(environment, template)
           ^^^^^^^^^^^^^^^^^^^^^^^^^^^^^^^^^^^^^^^^^^^^
  File "C:\Users\Victor\Desktop\Nova pasta\abc\venv\Lib\site-packages\flask\templating.py", line 99, in _get_source_fast
    raise TemplateNotFound(template)
jinja2.exceptions.TemplateNotFound: error.html
2024-01-06 10:45:35,623 - 127.0.0.1 - - [06/Jan/2024 10:45:35] "[35m[1mPOST /xls HTTP/1.1[0m" 500 -
2024-01-06 10:46:50,680 - ExceÁ„o ocorrida
Traceback (most recent call last):
  File "C:\Users\Victor\Desktop\Nova pasta\abc\app.py", line 32, in get_xls
FileNotFoundError: Nenhum arquivo enviado.
2024-01-06 10:46:50,680 - Exception on /xls [POST]
Traceback (most recent call last):
  File "C:\Users\Victor\Desktop\Nova pasta\abc\app.py", line 32, in get_xls
FileNotFoundError: Nenhum arquivo enviado.

During handling of the above exception, another exception occurred:

Traceback (most recent call last):
  File "C:\Users\Victor\Desktop\Nova pasta\abc\venv\Lib\site-packages\flask\app.py", line 1455, in wsgi_app
    response = self.full_dispatch_request()
               ^^^^^^^^^^^^^^^^^^^^^^^^^^^^
  File "C:\Users\Victor\Desktop\Nova pasta\abc\venv\Lib\site-packages\flask\app.py", line 869, in full_dispatch_request
    rv = self.handle_user_exception(e)
         ^^^^^^^^^^^^^^^^^^^^^^^^^^^^^
  File "C:\Users\Victor\Desktop\Nova pasta\abc\venv\Lib\site-packages\flask\app.py", line 867, in full_dispatch_request
    rv = self.dispatch_request()
         ^^^^^^^^^^^^^^^^^^^^^^^
  File "C:\Users\Victor\Desktop\Nova pasta\abc\venv\Lib\site-packages\flask\app.py", line 852, in dispatch_request
    return self.ensure_sync(self.view_functions[rule.endpoint])(**view_args)
           ^^^^^^^^^^^^^^^^^^^^^^^^^^^^^^^^^^^^^^^^^^^^^^^^^^^^^^^^^^^^^^^^^
  File "C:\Users\Victor\Desktop\Nova pasta\abc\app.py", line 50, in get_xls
  File "C:\Users\Victor\Desktop\Nova pasta\abc\venv\Lib\site-packages\flask\templating.py", line 151, in render_template
    template = app.jinja_env.get_or_select_template(template_name_or_list)
               ^^^^^^^^^^^^^^^^^^^^^^^^^^^^^^^^^^^^^^^^^^^^^^^^^^^^^^^^^^^
  File "C:\Users\Victor\Desktop\Nova pasta\abc\venv\Lib\site-packages\jinja2\environment.py", line 1081, in get_or_select_template
    return self.get_template(template_name_or_list, parent, globals)
           ^^^^^^^^^^^^^^^^^^^^^^^^^^^^^^^^^^^^^^^^^^^^^^^^^^^^^^^^^
  File "C:\Users\Victor\Desktop\Nova pasta\abc\venv\Lib\site-packages\jinja2\environment.py", line 1010, in get_template
    return self._load_template(name, globals)
           ^^^^^^^^^^^^^^^^^^^^^^^^^^^^^^^^^^
  File "C:\Users\Victor\Desktop\Nova pasta\abc\venv\Lib\site-packages\jinja2\environment.py", line 969, in _load_template
    template = self.loader.load(self, name, self.make_globals(globals))
               ^^^^^^^^^^^^^^^^^^^^^^^^^^^^^^^^^^^^^^^^^^^^^^^^^^^^^^^^
  File "C:\Users\Victor\Desktop\Nova pasta\abc\venv\Lib\site-packages\jinja2\loaders.py", line 126, in load
    source, filename, uptodate = self.get_source(environment, name)
                                 ^^^^^^^^^^^^^^^^^^^^^^^^^^^^^^^^^^
  File "C:\Users\Victor\Desktop\Nova pasta\abc\venv\Lib\site-packages\flask\templating.py", line 65, in get_source
    return self._get_source_fast(environment, template)
           ^^^^^^^^^^^^^^^^^^^^^^^^^^^^^^^^^^^^^^^^^^^^
  File "C:\Users\Victor\Desktop\Nova pasta\abc\venv\Lib\site-packages\flask\templating.py", line 99, in _get_source_fast
    raise TemplateNotFound(template)
jinja2.exceptions.TemplateNotFound: error.html
2024-01-06 10:46:50,682 - 127.0.0.1 - - [06/Jan/2024 10:46:50] "[35m[1mPOST /xls HTTP/1.1[0m" 500 -
2024-01-06 10:49:50,351 - [31m[1mWARNING: This is a development server. Do not use it in a production deployment. Use a production WSGI server instead.[0m
 * Running on http://127.0.0.1:5000
2024-01-06 10:49:50,351 - [33mPress CTRL+C to quit[0m
2024-01-06 10:49:56,838 - 127.0.0.1 - - [06/Jan/2024 10:49:56] "GET / HTTP/1.1" 200 -
2024-01-06 10:50:00,297 - Exce√ß√£o ocorrida
Traceback (most recent call last):
  File "C:\Users\Victor\Desktop\Nova pasta\abc\app.py", line 33, in get_xls
    raise FileNotFoundError("Nenhum arquivo enviado.")
FileNotFoundError: Nenhum arquivo enviado.
2024-01-06 10:50:00,305 - 127.0.0.1 - - [06/Jan/2024 10:50:00] "POST /xls HTTP/1.1" 200 -
2024-01-06 10:50:28,056 - [31m[1mWARNING: This is a development server. Do not use it in a production deployment. Use a production WSGI server instead.[0m
 * Running on http://127.0.0.1:5000
2024-01-06 10:50:28,056 - [33mPress CTRL+C to quit[0m
2024-01-06 10:50:31,444 - 127.0.0.1 - - [06/Jan/2024 10:50:31] "GET / HTTP/1.1" 200 -
2024-01-06 10:50:34,561 - 127.0.0.1 - - [06/Jan/2024 10:50:34] "[32mPOST /xls HTTP/1.1[0m" 302 -
2024-01-06 10:50:39,610 - 127.0.0.1 - - [06/Jan/2024 10:50:39] "GET /relatorio HTTP/1.1" 200 -
2024-01-06 11:50:16,759 - [31m[1mWARNING: This is a development server. Do not use it in a production deployment. Use a production WSGI server instead.[0m
 * Running on http://127.0.0.1:5000
2024-01-06 11:50:16,760 - [33mPress CTRL+C to quit[0m
2024-01-06 11:50:22,287 - 127.0.0.1 - - [06/Jan/2024 11:50:22] "GET / HTTP/1.1" 200 -
2024-01-06 11:50:25,665 - Exception on /xls [POST]
Traceback (most recent call last):
  File "C:\Users\Victor\Desktop\Nova pasta\abc\venv\Lib\site-packages\flask\app.py", line 1455, in wsgi_app
    response = self.full_dispatch_request()
               ^^^^^^^^^^^^^^^^^^^^^^^^^^^^
  File "C:\Users\Victor\Desktop\Nova pasta\abc\venv\Lib\site-packages\flask\app.py", line 869, in full_dispatch_request
    rv = self.handle_user_exception(e)
         ^^^^^^^^^^^^^^^^^^^^^^^^^^^^^
  File "C:\Users\Victor\Desktop\Nova pasta\abc\venv\Lib\site-packages\flask\app.py", line 867, in full_dispatch_request
    rv = self.dispatch_request()
         ^^^^^^^^^^^^^^^^^^^^^^^
  File "C:\Users\Victor\Desktop\Nova pasta\abc\venv\Lib\site-packages\flask\app.py", line 852, in dispatch_request
    return self.ensure_sync(self.view_functions[rule.endpoint])(**view_args)
           ^^^^^^^^^^^^^^^^^^^^^^^^^^^^^^^^^^^^^^^^^^^^^^^^^^^^^^^^^^^^^^^^^
  File "C:\Users\Victor\Desktop\Nova pasta\abc\app.py", line 56, in get_xls
    raise ValueError("function importar_xls retornou null")
ValueError: function importar_xls retornou null
2024-01-06 11:50:25,666 - 127.0.0.1 - - [06/Jan/2024 11:50:25] "[35m[1mPOST /xls HTTP/1.1[0m" 500 -
2024-01-06 11:51:37,218 - [31m[1mWARNING: This is a development server. Do not use it in a production deployment. Use a production WSGI server instead.[0m
 * Running on http://127.0.0.1:5000
2024-01-06 11:51:37,218 - [33mPress CTRL+C to quit[0m
2024-01-06 11:51:40,949 - Exception on /xls [POST]
Traceback (most recent call last):
  File "C:\Users\Victor\Desktop\Nova pasta\abc\venv\Lib\site-packages\flask\app.py", line 1455, in wsgi_app
    response = self.full_dispatch_request()
               ^^^^^^^^^^^^^^^^^^^^^^^^^^^^
  File "C:\Users\Victor\Desktop\Nova pasta\abc\venv\Lib\site-packages\flask\app.py", line 869, in full_dispatch_request
    rv = self.handle_user_exception(e)
         ^^^^^^^^^^^^^^^^^^^^^^^^^^^^^
  File "C:\Users\Victor\Desktop\Nova pasta\abc\venv\Lib\site-packages\flask\app.py", line 867, in full_dispatch_request
    rv = self.dispatch_request()
         ^^^^^^^^^^^^^^^^^^^^^^^
  File "C:\Users\Victor\Desktop\Nova pasta\abc\venv\Lib\site-packages\flask\app.py", line 852, in dispatch_request
    return self.ensure_sync(self.view_functions[rule.endpoint])(**view_args)
           ^^^^^^^^^^^^^^^^^^^^^^^^^^^^^^^^^^^^^^^^^^^^^^^^^^^^^^^^^^^^^^^^^
  File "C:\Users\Victor\Desktop\Nova pasta\abc\app.py", line 56, in get_xls
    raise ValueError("function importar_xls retornou null")
ValueError: function importar_xls retornou null
2024-01-06 11:51:40,951 - 127.0.0.1 - - [06/Jan/2024 11:51:40] "[35m[1mPOST /xls HTTP/1.1[0m" 500 -
2024-01-06 11:52:08,323 - [31m[1mWARNING: This is a development server. Do not use it in a production deployment. Use a production WSGI server instead.[0m
 * Running on http://127.0.0.1:5000
2024-01-06 11:52:08,323 - [33mPress CTRL+C to quit[0m
2024-01-06 11:52:35,828 - Exception on /xls [POST]
Traceback (most recent call last):
  File "C:\Users\Victor\Desktop\Nova pasta\abc\venv\Lib\site-packages\flask\app.py", line 1455, in wsgi_app
    response = self.full_dispatch_request()
               ^^^^^^^^^^^^^^^^^^^^^^^^^^^^
  File "C:\Users\Victor\Desktop\Nova pasta\abc\venv\Lib\site-packages\flask\app.py", line 869, in full_dispatch_request
    rv = self.handle_user_exception(e)
         ^^^^^^^^^^^^^^^^^^^^^^^^^^^^^
  File "C:\Users\Victor\Desktop\Nova pasta\abc\venv\Lib\site-packages\flask\app.py", line 867, in full_dispatch_request
    rv = self.dispatch_request()
         ^^^^^^^^^^^^^^^^^^^^^^^
  File "C:\Users\Victor\Desktop\Nova pasta\abc\venv\Lib\site-packages\flask\app.py", line 852, in dispatch_request
    return self.ensure_sync(self.view_functions[rule.endpoint])(**view_args)
           ^^^^^^^^^^^^^^^^^^^^^^^^^^^^^^^^^^^^^^^^^^^^^^^^^^^^^^^^^^^^^^^^^
  File "C:\Users\Victor\Desktop\Nova pasta\abc\app.py", line 56, in get_xls
    raise ValueError("function importar_xls retornou null")
ValueError: function importar_xls retornou null
2024-01-06 11:52:35,830 - 127.0.0.1 - - [06/Jan/2024 11:52:35] "[35m[1mPOST /xls HTTP/1.1[0m" 500 -
2024-01-06 11:52:47,535 - [31m[1mWARNING: This is a development server. Do not use it in a production deployment. Use a production WSGI server instead.[0m
 * Running on http://127.0.0.1:5000
2024-01-06 11:52:47,535 - [33mPress CTRL+C to quit[0m
2024-01-06 11:52:50,728 - 127.0.0.1 - - [06/Jan/2024 11:52:50] "GET / HTTP/1.1" 200 -
2024-01-06 11:52:54,061 - Exception on /xls [POST]
Traceback (most recent call last):
  File "C:\Users\Victor\Desktop\Nova pasta\abc\venv\Lib\site-packages\flask\app.py", line 1455, in wsgi_app
    response = self.full_dispatch_request()
               ^^^^^^^^^^^^^^^^^^^^^^^^^^^^
  File "C:\Users\Victor\Desktop\Nova pasta\abc\venv\Lib\site-packages\flask\app.py", line 869, in full_dispatch_request
    rv = self.handle_user_exception(e)
         ^^^^^^^^^^^^^^^^^^^^^^^^^^^^^
  File "C:\Users\Victor\Desktop\Nova pasta\abc\venv\Lib\site-packages\flask\app.py", line 867, in full_dispatch_request
    rv = self.dispatch_request()
         ^^^^^^^^^^^^^^^^^^^^^^^
  File "C:\Users\Victor\Desktop\Nova pasta\abc\venv\Lib\site-packages\flask\app.py", line 852, in dispatch_request
    return self.ensure_sync(self.view_functions[rule.endpoint])(**view_args)
           ^^^^^^^^^^^^^^^^^^^^^^^^^^^^^^^^^^^^^^^^^^^^^^^^^^^^^^^^^^^^^^^^^
  File "C:\Users\Victor\Desktop\Nova pasta\abc\app.py", line 56, in get_xls
    raise ValueError("function importar_xls retornou null")
ValueError: function importar_xls retornou null
2024-01-06 11:52:54,063 - 127.0.0.1 - - [06/Jan/2024 11:52:54] "[35m[1mPOST /xls HTTP/1.1[0m" 500 -
2024-01-06 11:54:23,553 - [31m[1mWARNING: This is a development server. Do not use it in a production deployment. Use a production WSGI server instead.[0m
 * Running on http://127.0.0.1:5000
2024-01-06 11:54:23,553 - [33mPress CTRL+C to quit[0m
2024-01-06 11:54:27,074 - Exception on /xls [POST]
Traceback (most recent call last):
  File "C:\Users\Victor\Desktop\Nova pasta\abc\venv\Lib\site-packages\flask\app.py", line 1455, in wsgi_app
    response = self.full_dispatch_request()
               ^^^^^^^^^^^^^^^^^^^^^^^^^^^^
  File "C:\Users\Victor\Desktop\Nova pasta\abc\venv\Lib\site-packages\flask\app.py", line 869, in full_dispatch_request
    rv = self.handle_user_exception(e)
         ^^^^^^^^^^^^^^^^^^^^^^^^^^^^^
  File "C:\Users\Victor\Desktop\Nova pasta\abc\venv\Lib\site-packages\flask\app.py", line 867, in full_dispatch_request
    rv = self.dispatch_request()
         ^^^^^^^^^^^^^^^^^^^^^^^
  File "C:\Users\Victor\Desktop\Nova pasta\abc\venv\Lib\site-packages\flask\app.py", line 852, in dispatch_request
    return self.ensure_sync(self.view_functions[rule.endpoint])(**view_args)
           ^^^^^^^^^^^^^^^^^^^^^^^^^^^^^^^^^^^^^^^^^^^^^^^^^^^^^^^^^^^^^^^^^
  File "C:\Users\Victor\Desktop\Nova pasta\abc\app.py", line 56, in get_xls
    raise ValueError("function importar_xls retornou null")
ValueError: function importar_xls retornou null
2024-01-06 11:54:27,076 - 127.0.0.1 - - [06/Jan/2024 11:54:27] "[35m[1mPOST /xls HTTP/1.1[0m" 500 -
2024-01-06 11:55:24,841 - [31m[1mWARNING: This is a development server. Do not use it in a production deployment. Use a production WSGI server instead.[0m
 * Running on http://127.0.0.1:5000
2024-01-06 11:55:24,841 - [33mPress CTRL+C to quit[0m
2024-01-06 11:55:28,540 - Exception on /xls [POST]
Traceback (most recent call last):
  File "C:\Users\Victor\Desktop\Nova pasta\abc\venv\Lib\site-packages\flask\app.py", line 1455, in wsgi_app
    response = self.full_dispatch_request()
               ^^^^^^^^^^^^^^^^^^^^^^^^^^^^
  File "C:\Users\Victor\Desktop\Nova pasta\abc\venv\Lib\site-packages\flask\app.py", line 869, in full_dispatch_request
    rv = self.handle_user_exception(e)
         ^^^^^^^^^^^^^^^^^^^^^^^^^^^^^
  File "C:\Users\Victor\Desktop\Nova pasta\abc\venv\Lib\site-packages\flask\app.py", line 867, in full_dispatch_request
    rv = self.dispatch_request()
         ^^^^^^^^^^^^^^^^^^^^^^^
  File "C:\Users\Victor\Desktop\Nova pasta\abc\venv\Lib\site-packages\flask\app.py", line 852, in dispatch_request
    return self.ensure_sync(self.view_functions[rule.endpoint])(**view_args)
           ^^^^^^^^^^^^^^^^^^^^^^^^^^^^^^^^^^^^^^^^^^^^^^^^^^^^^^^^^^^^^^^^^
  File "C:\Users\Victor\Desktop\Nova pasta\abc\app.py", line 56, in get_xls
    raise ValueError("function importar_xls retornou null")
ValueError: function importar_xls retornou null
2024-01-06 11:55:28,542 - 127.0.0.1 - - [06/Jan/2024 11:55:28] "[35m[1mPOST /xls HTTP/1.1[0m" 500 -
2024-01-06 11:57:15,434 - [31m[1mWARNING: This is a development server. Do not use it in a production deployment. Use a production WSGI server instead.[0m
 * Running on http://127.0.0.1:5000
2024-01-06 11:57:15,434 - [33mPress CTRL+C to quit[0m
2024-01-06 11:57:20,960 - Exception on /xls [POST]
Traceback (most recent call last):
  File "C:\Users\Victor\Desktop\Nova pasta\abc\venv\Lib\site-packages\flask\app.py", line 1455, in wsgi_app
    response = self.full_dispatch_request()
               ^^^^^^^^^^^^^^^^^^^^^^^^^^^^
  File "C:\Users\Victor\Desktop\Nova pasta\abc\venv\Lib\site-packages\flask\app.py", line 869, in full_dispatch_request
    rv = self.handle_user_exception(e)
         ^^^^^^^^^^^^^^^^^^^^^^^^^^^^^
  File "C:\Users\Victor\Desktop\Nova pasta\abc\venv\Lib\site-packages\flask\app.py", line 867, in full_dispatch_request
    rv = self.dispatch_request()
         ^^^^^^^^^^^^^^^^^^^^^^^
  File "C:\Users\Victor\Desktop\Nova pasta\abc\venv\Lib\site-packages\flask\app.py", line 852, in dispatch_request
    return self.ensure_sync(self.view_functions[rule.endpoint])(**view_args)
           ^^^^^^^^^^^^^^^^^^^^^^^^^^^^^^^^^^^^^^^^^^^^^^^^^^^^^^^^^^^^^^^^^
  File "C:\Users\Victor\Desktop\Nova pasta\abc\app.py", line 56, in get_xls
    raise ValueError("function importar_xls retornou null")
ValueError: function importar_xls retornou null
2024-01-06 11:57:20,962 - 127.0.0.1 - - [06/Jan/2024 11:57:20] "[35m[1mPOST /xls HTTP/1.1[0m" 500 -
2024-01-06 11:58:23,728 - [31m[1mWARNING: This is a development server. Do not use it in a production deployment. Use a production WSGI server instead.[0m
 * Running on http://127.0.0.1:5000
2024-01-06 11:58:23,729 - [33mPress CTRL+C to quit[0m
2024-01-06 11:58:28,671 - Exception on /xls [POST]
Traceback (most recent call last):
  File "C:\Users\Victor\Desktop\Nova pasta\abc\venv\Lib\site-packages\flask\app.py", line 1455, in wsgi_app
    response = self.full_dispatch_request()
               ^^^^^^^^^^^^^^^^^^^^^^^^^^^^
  File "C:\Users\Victor\Desktop\Nova pasta\abc\venv\Lib\site-packages\flask\app.py", line 869, in full_dispatch_request
    rv = self.handle_user_exception(e)
         ^^^^^^^^^^^^^^^^^^^^^^^^^^^^^
  File "C:\Users\Victor\Desktop\Nova pasta\abc\venv\Lib\site-packages\flask\app.py", line 867, in full_dispatch_request
    rv = self.dispatch_request()
         ^^^^^^^^^^^^^^^^^^^^^^^
  File "C:\Users\Victor\Desktop\Nova pasta\abc\venv\Lib\site-packages\flask\app.py", line 852, in dispatch_request
    return self.ensure_sync(self.view_functions[rule.endpoint])(**view_args)
           ^^^^^^^^^^^^^^^^^^^^^^^^^^^^^^^^^^^^^^^^^^^^^^^^^^^^^^^^^^^^^^^^^
  File "C:\Users\Victor\Desktop\Nova pasta\abc\app.py", line 56, in get_xls
    raise ValueError("function importar_xls retornou null")
ValueError: function importar_xls retornou null
2024-01-06 11:58:28,674 - 127.0.0.1 - - [06/Jan/2024 11:58:28] "[35m[1mPOST /xls HTTP/1.1[0m" 500 -
2024-01-06 11:59:01,953 - [31m[1mWARNING: This is a development server. Do not use it in a production deployment. Use a production WSGI server instead.[0m
 * Running on http://127.0.0.1:5000
2024-01-06 11:59:01,954 - [33mPress CTRL+C to quit[0m
2024-01-06 11:59:06,884 - Exception on /xls [POST]
Traceback (most recent call last):
  File "C:\Users\Victor\Desktop\Nova pasta\abc\venv\Lib\site-packages\flask\app.py", line 1455, in wsgi_app
    response = self.full_dispatch_request()
               ^^^^^^^^^^^^^^^^^^^^^^^^^^^^
  File "C:\Users\Victor\Desktop\Nova pasta\abc\venv\Lib\site-packages\flask\app.py", line 869, in full_dispatch_request
    rv = self.handle_user_exception(e)
         ^^^^^^^^^^^^^^^^^^^^^^^^^^^^^
  File "C:\Users\Victor\Desktop\Nova pasta\abc\venv\Lib\site-packages\flask\app.py", line 867, in full_dispatch_request
    rv = self.dispatch_request()
         ^^^^^^^^^^^^^^^^^^^^^^^
  File "C:\Users\Victor\Desktop\Nova pasta\abc\venv\Lib\site-packages\flask\app.py", line 852, in dispatch_request
    return self.ensure_sync(self.view_functions[rule.endpoint])(**view_args)
           ^^^^^^^^^^^^^^^^^^^^^^^^^^^^^^^^^^^^^^^^^^^^^^^^^^^^^^^^^^^^^^^^^
  File "C:\Users\Victor\Desktop\Nova pasta\abc\app.py", line 56, in get_xls
    raise ValueError("function importar_xls retornou null")
ValueError: function importar_xls retornou null
2024-01-06 11:59:06,886 - 127.0.0.1 - - [06/Jan/2024 11:59:06] "[35m[1mPOST /xls HTTP/1.1[0m" 500 -
2024-01-06 11:59:42,613 - [31m[1mWARNING: This is a development server. Do not use it in a production deployment. Use a production WSGI server instead.[0m
 * Running on http://127.0.0.1:5000
2024-01-06 11:59:42,613 - [33mPress CTRL+C to quit[0m
2024-01-06 11:59:46,865 - Exception on /xls [POST]
Traceback (most recent call last):
  File "C:\Users\Victor\Desktop\Nova pasta\abc\venv\Lib\site-packages\flask\app.py", line 1455, in wsgi_app
    response = self.full_dispatch_request()
               ^^^^^^^^^^^^^^^^^^^^^^^^^^^^
  File "C:\Users\Victor\Desktop\Nova pasta\abc\venv\Lib\site-packages\flask\app.py", line 869, in full_dispatch_request
    rv = self.handle_user_exception(e)
         ^^^^^^^^^^^^^^^^^^^^^^^^^^^^^
  File "C:\Users\Victor\Desktop\Nova pasta\abc\venv\Lib\site-packages\flask\app.py", line 867, in full_dispatch_request
    rv = self.dispatch_request()
         ^^^^^^^^^^^^^^^^^^^^^^^
  File "C:\Users\Victor\Desktop\Nova pasta\abc\venv\Lib\site-packages\flask\app.py", line 852, in dispatch_request
    return self.ensure_sync(self.view_functions[rule.endpoint])(**view_args)
           ^^^^^^^^^^^^^^^^^^^^^^^^^^^^^^^^^^^^^^^^^^^^^^^^^^^^^^^^^^^^^^^^^
  File "C:\Users\Victor\Desktop\Nova pasta\abc\app.py", line 56, in get_xls
    raise ValueError("function importar_xls retornou null")
ValueError: function importar_xls retornou null
2024-01-06 11:59:46,866 - 127.0.0.1 - - [06/Jan/2024 11:59:46] "[35m[1mPOST /xls HTTP/1.1[0m" 500 -
2024-01-06 12:00:05,350 - [31m[1mWARNING: This is a development server. Do not use it in a production deployment. Use a production WSGI server instead.[0m
 * Running on http://127.0.0.1:5000
2024-01-06 12:00:05,350 - [33mPress CTRL+C to quit[0m
2024-01-06 12:00:09,407 - 127.0.0.1 - - [06/Jan/2024 12:00:09] "[32mPOST /xls HTTP/1.1[0m" 302 -
2024-01-06 12:00:13,550 - 127.0.0.1 - - [06/Jan/2024 12:00:13] "GET /relatorio HTTP/1.1" 200 -
2024-01-06 12:19:20,907 - [31m[1mWARNING: This is a development server. Do not use it in a production deployment. Use a production WSGI server instead.[0m
 * Running on http://127.0.0.1:5000
2024-01-06 12:19:20,908 - [33mPress CTRL+C to quit[0m
2024-01-06 12:19:27,080 - 127.0.0.1 - - [06/Jan/2024 12:19:27] "GET / HTTP/1.1" 200 -
2024-01-06 12:19:31,221 - 127.0.0.1 - - [06/Jan/2024 12:19:31] "[32mPOST /xls HTTP/1.1[0m" 302 -
2024-01-06 12:19:34,413 - 127.0.0.1 - - [06/Jan/2024 12:19:34] "GET /relatorio HTTP/1.1" 200 -
2024-01-06 12:19:52,856 - 127.0.0.1 - - [06/Jan/2024 12:19:52] "GET / HTTP/1.1" 200 -
2024-01-06 12:20:34,423 - Exception on /xls [POST]
Traceback (most recent call last):
  File "C:\Users\Victor\Desktop\Nova pasta\abc\venv\Lib\site-packages\flask\app.py", line 1455, in wsgi_app
    response = self.full_dispatch_request()
               ^^^^^^^^^^^^^^^^^^^^^^^^^^^^
  File "C:\Users\Victor\Desktop\Nova pasta\abc\venv\Lib\site-packages\flask\app.py", line 869, in full_dispatch_request
    rv = self.handle_user_exception(e)
         ^^^^^^^^^^^^^^^^^^^^^^^^^^^^^
  File "C:\Users\Victor\Desktop\Nova pasta\abc\venv\Lib\site-packages\flask\app.py", line 867, in full_dispatch_request
    rv = self.dispatch_request()
         ^^^^^^^^^^^^^^^^^^^^^^^
  File "C:\Users\Victor\Desktop\Nova pasta\abc\venv\Lib\site-packages\flask\app.py", line 852, in dispatch_request
    return self.ensure_sync(self.view_functions[rule.endpoint])(**view_args)
           ^^^^^^^^^^^^^^^^^^^^^^^^^^^^^^^^^^^^^^^^^^^^^^^^^^^^^^^^^^^^^^^^^
  File "C:\Users\Victor\Desktop\Nova pasta\abc\app.py", line 51, in get_xls
    raise ValueError(str(data))
ValueError: File size is 0 bytes
2024-01-06 12:20:34,425 - 127.0.0.1 - - [06/Jan/2024 12:20:34] "[35m[1mPOST /xls HTTP/1.1[0m" 500 -
2024-01-06 12:22:14,536 - [31m[1mWARNING: This is a development server. Do not use it in a production deployment. Use a production WSGI server instead.[0m
 * Running on http://127.0.0.1:5000
2024-01-06 12:22:14,536 - [33mPress CTRL+C to quit[0m
2024-01-06 12:22:19,135 - Exce√ß√£o ocorrida
Traceback (most recent call last):
  File "C:\Users\Victor\Desktop\Nova pasta\abc\app.py", line 51, in get_xls
    raise ValueError(str(data))
ValueError: File size is 0 bytes
2024-01-06 12:22:19,138 - 127.0.0.1 - - [06/Jan/2024 12:22:19] "POST /xls HTTP/1.1" 200 -
2024-01-06 12:23:13,186 - [31m[1mWARNING: This is a development server. Do not use it in a production deployment. Use a production WSGI server instead.[0m
 * Running on http://127.0.0.1:5000
2024-01-06 12:23:13,186 - [33mPress CTRL+C to quit[0m
2024-01-06 12:25:08,372 - 127.0.0.1 - - [06/Jan/2024 12:25:08] "GET / HTTP/1.1" 200 -
2024-01-06 12:25:12,295 - 127.0.0.1 - - [06/Jan/2024 12:25:12] "[32mPOST /xls HTTP/1.1[0m" 302 -
2024-01-06 12:25:15,417 - 127.0.0.1 - - [06/Jan/2024 12:25:15] "GET /relatorio HTTP/1.1" 200 -
2024-01-06 12:30:19,874 - [31m[1mWARNING: This is a development server. Do not use it in a production deployment. Use a production WSGI server instead.[0m
 * Running on http://127.0.0.1:5000
2024-01-06 12:30:19,874 - [33mPress CTRL+C to quit[0m
2024-01-06 12:30:35,193 - 127.0.0.1 - - [06/Jan/2024 12:30:35] "GET / HTTP/1.1" 200 -
2024-01-06 12:30:42,123 - 127.0.0.1 - - [06/Jan/2024 12:30:42] "[32mPOST /xls HTTP/1.1[0m" 302 -
2024-01-06 12:30:45,255 - 127.0.0.1 - - [06/Jan/2024 12:30:45] "GET /relatorio HTTP/1.1" 200 -
2024-01-06 12:33:56,192 - [31m[1mWARNING: This is a development server. Do not use it in a production deployment. Use a production WSGI server instead.[0m
 * Running on http://127.0.0.1:5000
2024-01-06 12:33:56,193 - [33mPress CTRL+C to quit[0m
2024-01-06 12:34:00,590 - 127.0.0.1 - - [06/Jan/2024 12:34:00] "GET / HTTP/1.1" 200 -
2024-01-06 12:34:04,240 - 127.0.0.1 - - [06/Jan/2024 12:34:04] "[32mPOST /xls HTTP/1.1[0m" 302 -
2024-01-06 12:34:07,274 - 127.0.0.1 - - [06/Jan/2024 12:34:07] "GET /relatorio HTTP/1.1" 200 -
2024-01-06 12:34:54,764 - 127.0.0.1 - - [06/Jan/2024 12:34:54] "GET / HTTP/1.1" 200 -
2024-01-06 12:35:01,951 - 127.0.0.1 - - [06/Jan/2024 12:35:01] "[32mPOST /xls HTTP/1.1[0m" 302 -
2024-01-06 12:35:04,992 - 127.0.0.1 - - [06/Jan/2024 12:35:04] "GET /relatorio HTTP/1.1" 200 -
2024-01-06 12:41:06,232 - [31m[1mWARNING: This is a development server. Do not use it in a production deployment. Use a production WSGI server instead.[0m
 * Running on http://127.0.0.1:5000
2024-01-06 12:41:06,232 - [33mPress CTRL+C to quit[0m
2024-01-06 12:41:11,108 - 127.0.0.1 - - [06/Jan/2024 12:41:11] "GET / HTTP/1.1" 200 -
2024-01-06 12:42:09,504 - [31m[1mWARNING: This is a development server. Do not use it in a production deployment. Use a production WSGI server instead.[0m
 * Running on http://127.0.0.1:5000
2024-01-06 12:42:09,504 - [33mPress CTRL+C to quit[0m
2024-01-06 12:42:12,302 - 127.0.0.1 - - [06/Jan/2024 12:42:12] "GET / HTTP/1.1" 200 -
2024-01-06 12:42:21,074 - 127.0.0.1 - - [06/Jan/2024 12:42:21] "[32mPOST /xls HTTP/1.1[0m" 302 -
2024-01-06 12:42:24,105 - 127.0.0.1 - - [06/Jan/2024 12:42:24] "GET /relatorio HTTP/1.1" 200 -
2024-01-06 12:43:16,408 - 127.0.0.1 - - [06/Jan/2024 12:43:16] "GET / HTTP/1.1" 200 -
2024-01-06 12:43:18,281 - 127.0.0.1 - - [06/Jan/2024 12:43:18] "GET / HTTP/1.1" 200 -
2024-01-06 12:43:25,684 - [31m[1mWARNING: This is a development server. Do not use it in a production deployment. Use a production WSGI server instead.[0m
 * Running on http://127.0.0.1:5000
2024-01-06 12:43:25,684 - [33mPress CTRL+C to quit[0m
2024-01-06 12:43:29,052 - 127.0.0.1 - - [06/Jan/2024 12:43:29] "GET / HTTP/1.1" 200 -
2024-01-06 12:43:50,096 - [31m[1mWARNING: This is a development server. Do not use it in a production deployment. Use a production WSGI server instead.[0m
 * Running on http://127.0.0.1:5000
2024-01-06 12:43:50,096 - [33mPress CTRL+C to quit[0m
2024-01-06 12:43:53,734 - 127.0.0.1 - - [06/Jan/2024 12:43:53] "GET / HTTP/1.1" 200 -
2024-01-06 12:45:19,033 - [31m[1mWARNING: This is a development server. Do not use it in a production deployment. Use a production WSGI server instead.[0m
 * Running on http://127.0.0.1:5000
2024-01-06 12:45:19,033 - [33mPress CTRL+C to quit[0m
2024-01-06 12:45:22,659 - 127.0.0.1 - - [06/Jan/2024 12:45:22] "GET / HTTP/1.1" 200 -
2024-01-06 12:46:28,276 - [31m[1mWARNING: This is a development server. Do not use it in a production deployment. Use a production WSGI server instead.[0m
 * Running on http://127.0.0.1:5000
2024-01-06 12:46:28,277 - [33mPress CTRL+C to quit[0m
2024-01-06 12:46:32,034 - 127.0.0.1 - - [06/Jan/2024 12:46:32] "GET / HTTP/1.1" 200 -
2024-01-06 12:46:33,758 - 127.0.0.1 - - [06/Jan/2024 12:46:33] "GET / HTTP/1.1" 200 -
2024-01-06 12:48:21,333 - [31m[1mWARNING: This is a development server. Do not use it in a production deployment. Use a production WSGI server instead.[0m
 * Running on http://127.0.0.1:5000
2024-01-06 12:48:21,333 - [33mPress CTRL+C to quit[0m
2024-01-06 12:48:24,665 - 127.0.0.1 - - [06/Jan/2024 12:48:24] "GET / HTTP/1.1" 200 -
2024-01-06 12:48:42,169 - 127.0.0.1 - - [06/Jan/2024 12:48:42] "[32mPOST /xls HTTP/1.1[0m" 302 -
2024-01-06 12:48:45,227 - 127.0.0.1 - - [06/Jan/2024 12:48:45] "GET /relatorio HTTP/1.1" 200 -
2024-01-06 12:48:52,231 - 127.0.0.1 - - [06/Jan/2024 12:48:52] "GET / HTTP/1.1" 200 -
2024-01-06 12:50:07,163 - [31m[1mWARNING: This is a development server. Do not use it in a production deployment. Use a production WSGI server instead.[0m
 * Running on http://127.0.0.1:5000
2024-01-06 12:50:07,164 - [33mPress CTRL+C to quit[0m
2024-01-06 12:50:15,019 - Exce√ß√£o ocorrida
Traceback (most recent call last):
  File "C:\Users\Victor\Desktop\Nova pasta\abc\app.py", line 50, in get_xls
    raise ValueError(str(data))
ValueError: File size is 0 bytes
2024-01-06 12:50:15,050 - 127.0.0.1 - - [06/Jan/2024 12:50:15] "POST /xls HTTP/1.1" 200 -
2024-01-06 12:51:43,381 - [31m[1mWARNING: This is a development server. Do not use it in a production deployment. Use a production WSGI server instead.[0m
 * Running on http://127.0.0.1:5000
2024-01-06 12:51:43,381 - [33mPress CTRL+C to quit[0m
2024-01-06 12:51:48,010 - Exce√ß√£o ocorrida
Traceback (most recent call last):
  File "C:\Users\Victor\Desktop\Nova pasta\abc\app.py", line 50, in get_xls
    raise ValueError(str(data))
ValueError: File size is 0 bytes
2024-01-06 12:51:48,037 - 127.0.0.1 - - [06/Jan/2024 12:51:48] "POST /xls HTTP/1.1" 200 -
2024-01-06 12:52:02,123 - 127.0.0.1 - - [06/Jan/2024 12:52:02] "GET / HTTP/1.1" 200 -
2024-01-06 12:53:26,420 - [31m[1mWARNING: This is a development server. Do not use it in a production deployment. Use a production WSGI server instead.[0m
 * Running on http://127.0.0.1:5000
2024-01-06 12:53:26,420 - [33mPress CTRL+C to quit[0m
2024-01-06 12:53:31,268 - 127.0.0.1 - - [06/Jan/2024 12:53:31] "GET / HTTP/1.1" 200 -
2024-01-06 12:53:34,793 - Exce√ß√£o ocorrida
Traceback (most recent call last):
  File "C:\Users\Victor\Desktop\Nova pasta\abc\app.py", line 50, in get_xls
    raise ValueError(str(data))
ValueError: File size is 0 bytes
2024-01-06 12:53:34,802 - 127.0.0.1 - - [06/Jan/2024 12:53:34] "POST /xls HTTP/1.1" 200 -
2024-01-06 12:53:36,507 - 127.0.0.1 - - [06/Jan/2024 12:53:36] "GET / HTTP/1.1" 200 -
2024-01-06 12:53:39,788 - 127.0.0.1 - - [06/Jan/2024 12:53:39] "[32mPOST /xls HTTP/1.1[0m" 302 -
2024-01-06 12:53:42,829 - 127.0.0.1 - - [06/Jan/2024 12:53:42] "GET /relatorio HTTP/1.1" 200 -
2024-01-06 12:56:03,951 - [31m[1mWARNING: This is a development server. Do not use it in a production deployment. Use a production WSGI server instead.[0m
 * Running on http://127.0.0.1:5000
2024-01-06 12:56:03,951 - [33mPress CTRL+C to quit[0m
2024-01-06 12:56:13,458 - 127.0.0.1 - - [06/Jan/2024 12:56:13] "GET /relatorio HTTP/1.1" 200 -
2024-01-06 15:29:20,081 - [31m[1mWARNING: This is a development server. Do not use it in a production deployment. Use a production WSGI server instead.[0m
 * Running on http://127.0.0.1:5000
2024-01-06 15:29:20,082 - [33mPress CTRL+C to quit[0m
2024-01-06 15:29:52,906 - 127.0.0.1 - - [06/Jan/2024 15:29:52] "[31m[1mGET /xls HTTP/1.1[0m" 405 -
2024-01-06 15:29:53,006 - 127.0.0.1 - - [06/Jan/2024 15:29:53] "[33mGET /favicon.ico HTTP/1.1[0m" 404 -
2024-01-06 15:29:56,483 - 127.0.0.1 - - [06/Jan/2024 15:29:56] "GET / HTTP/1.1" 200 -
2024-01-06 15:30:04,294 - 127.0.0.1 - - [06/Jan/2024 15:30:04] "[32mPOST /xls HTTP/1.1[0m" 302 -
2024-01-06 15:30:08,030 - 127.0.0.1 - - [06/Jan/2024 15:30:08] "GET /relatorio HTTP/1.1" 200 -
2024-01-06 15:36:12,880 - [31m[1mWARNING: This is a development server. Do not use it in a production deployment. Use a production WSGI server instead.[0m
 * Running on http://127.0.0.1:5000
2024-01-06 15:36:12,880 - [33mPress CTRL+C to quit[0m
2024-01-06 15:36:19,977 - 127.0.0.1 - - [06/Jan/2024 15:36:19] "GET /relatorio HTTP/1.1" 200 -
2024-01-06 15:38:05,501 - [31m[1mWARNING: This is a development server. Do not use it in a production deployment. Use a production WSGI server instead.[0m
 * Running on http://127.0.0.1:5000
2024-01-06 15:38:05,501 - [33mPress CTRL+C to quit[0m
2024-01-06 15:38:13,765 - 127.0.0.1 - - [06/Jan/2024 15:38:13] "GET /relatorio HTTP/1.1" 200 -
2024-01-06 15:40:23,154 - [31m[1mWARNING: This is a development server. Do not use it in a production deployment. Use a production WSGI server instead.[0m
 * Running on http://127.0.0.1:5000
2024-01-06 15:40:23,154 - [33mPress CTRL+C to quit[0m
2024-01-06 15:40:32,980 - 127.0.0.1 - - [06/Jan/2024 15:40:32] "GET /relatorio HTTP/1.1" 200 -
2024-01-06 15:41:39,072 - [31m[1mWARNING: This is a development server. Do not use it in a production deployment. Use a production WSGI server instead.[0m
 * Running on http://127.0.0.1:5000
2024-01-06 15:41:39,072 - [33mPress CTRL+C to quit[0m
2024-01-06 15:41:44,548 - 127.0.0.1 - - [06/Jan/2024 15:41:44] "GET /relatorio HTTP/1.1" 200 -
2024-01-06 15:42:43,866 - [31m[1mWARNING: This is a development server. Do not use it in a production deployment. Use a production WSGI server instead.[0m
 * Running on http://127.0.0.1:5000
2024-01-06 15:42:43,867 - [33mPress CTRL+C to quit[0m
2024-01-06 15:42:49,253 - 127.0.0.1 - - [06/Jan/2024 15:42:49] "GET /relatorio HTTP/1.1" 200 -
2024-01-06 15:43:51,702 - [31m[1mWARNING: This is a development server. Do not use it in a production deployment. Use a production WSGI server instead.[0m
 * Running on http://127.0.0.1:5000
2024-01-06 15:43:51,702 - [33mPress CTRL+C to quit[0m
2024-01-06 15:43:57,372 - 127.0.0.1 - - [06/Jan/2024 15:43:57] "GET /relatorio HTTP/1.1" 200 -
2024-01-06 15:51:32,725 - [31m[1mWARNING: This is a development server. Do not use it in a production deployment. Use a production WSGI server instead.[0m
 * Running on http://127.0.0.1:5000
2024-01-06 15:51:32,725 - [33mPress CTRL+C to quit[0m
2024-01-06 15:51:39,223 - 127.0.0.1 - - [06/Jan/2024 15:51:39] "GET /relatorio HTTP/1.1" 200 -
2024-01-06 15:53:17,312 - [31m[1mWARNING: This is a development server. Do not use it in a production deployment. Use a production WSGI server instead.[0m
 * Running on http://127.0.0.1:5000
2024-01-06 15:53:17,312 - [33mPress CTRL+C to quit[0m
2024-01-06 15:53:23,059 - 127.0.0.1 - - [06/Jan/2024 15:53:23] "GET /relatorio HTTP/1.1" 200 -
2024-01-06 15:59:36,246 - [31m[1mWARNING: This is a development server. Do not use it in a production deployment. Use a production WSGI server instead.[0m
 * Running on http://127.0.0.1:5000
2024-01-06 15:59:36,246 - [33mPress CTRL+C to quit[0m
2024-01-06 15:59:43,405 - 127.0.0.1 - - [06/Jan/2024 15:59:43] "GET /relatorio HTTP/1.1" 200 -
2024-01-06 16:04:55,967 - [31m[1mWARNING: This is a development server. Do not use it in a production deployment. Use a production WSGI server instead.[0m
 * Running on http://127.0.0.1:5000
2024-01-06 16:04:55,967 - [33mPress CTRL+C to quit[0m
2024-01-06 16:05:02,530 - 127.0.0.1 - - [06/Jan/2024 16:05:02] "GET /relatorio HTTP/1.1" 200 -
2024-01-06 16:05:02,598 - 127.0.0.1 - - [06/Jan/2024 16:05:02] "GET /static/css/report.css HTTP/1.1" 200 -
2024-01-06 16:05:02,617 - 127.0.0.1 - - [06/Jan/2024 16:05:02] "GET /static/js/report_js_logic.js HTTP/1.1" 200 -
2024-01-06 16:07:35,174 - [31m[1mWARNING: This is a development server. Do not use it in a production deployment. Use a production WSGI server instead.[0m
 * Running on http://127.0.0.1:5000
2024-01-06 16:07:35,174 - [33mPress CTRL+C to quit[0m
2024-01-06 16:07:43,285 - 127.0.0.1 - - [06/Jan/2024 16:07:43] "GET / HTTP/1.1" 200 -
2024-01-06 16:07:43,355 - 127.0.0.1 - - [06/Jan/2024 16:07:43] "GET /static/css/index.css HTTP/1.1" 200 -
2024-01-06 16:07:48,624 - 127.0.0.1 - - [06/Jan/2024 16:07:48] "[32mPOST /xls HTTP/1.1[0m" 302 -
2024-01-06 16:07:51,691 - 127.0.0.1 - - [06/Jan/2024 16:07:51] "GET /relatorio HTTP/1.1" 200 -
2024-01-06 16:07:52,018 - 127.0.0.1 - - [06/Jan/2024 16:07:52] "[36mGET /static/css/report.css HTTP/1.1[0m" 304 -
2024-01-06 16:07:52,069 - 127.0.0.1 - - [06/Jan/2024 16:07:52] "[36mGET /static/js/report_js_logic.js HTTP/1.1[0m" 304 -
2024-01-06 16:07:58,815 - Exce√ß√£o ocorrida
Traceback (most recent call last):
  File "C:\Users\Victor\Desktop\Nova pasta\abc\app.py", line 50, in get_xls
    raise ValueError(str(data))
ValueError: File size is 0 bytes
2024-01-06 16:07:58,822 - 127.0.0.1 - - [06/Jan/2024 16:07:58] "POST /xls HTTP/1.1" 200 -
2024-01-06 16:07:58,857 - 127.0.0.1 - - [06/Jan/2024 16:07:58] "GET /static/css/error.css HTTP/1.1" 200 -
2024-01-06 16:09:42,017 - [31m[1mWARNING: This is a development server. Do not use it in a production deployment. Use a production WSGI server instead.[0m
 * Running on http://127.0.0.1:5000
2024-01-06 16:09:42,017 - [33mPress CTRL+C to quit[0m
2024-01-06 16:09:50,016 - 127.0.0.1 - - [06/Jan/2024 16:09:50] "[32mPOST /xls HTTP/1.1[0m" 302 -
2024-01-06 16:09:54,131 - 127.0.0.1 - - [06/Jan/2024 16:09:54] "GET /relatorio HTTP/1.1" 200 -
2024-01-06 16:09:54,200 - 127.0.0.1 - - [06/Jan/2024 16:09:54] "GET /static/css/report.css HTTP/1.1" 200 -
2024-01-06 16:09:54,519 - 127.0.0.1 - - [06/Jan/2024 16:09:54] "[36mGET /static/js/report_js_logic.js HTTP/1.1[0m" 304 -
